
Memory Configuration

Name             Origin             Length             Attributes
flash            0x0000000008001000 0x000000000007f000 xr
sram             0x0000000020000000 0x0000000000010000 xrw
ccm              0x0000000010000000 0x0000000000004000 xrw
*default*        0x0000000000000000 0xffffffffffffffff

Linker script and memory map

LOAD ../Application_Build/main.o
LOAD ../Application_Build/startup.o
LOAD ../Application_Build/irq.o
LOAD ../Application_Build/uart.o
LOAD ../Application_Build/flash.o
LOAD ../Application_Build/clk.o
LOAD ../Application_Build/nvic.o
LOAD ../Application_Build/gpio.o
LOAD ../Application_Build/syscfg.o
                0x0000000000000200                _Min_Heap_Size = 0x200
                0x0000000000000400                _Min_Stack_Size = 0x400

.isr_vector     0x0000000008001000      0x190
                0x0000000008001000                . = ALIGN (0x4)
 *(.isr_vector .isr_vector*)
 .isr_vector    0x0000000008001000      0x190 ../Application_Build/startup.o
                0x0000000008001000                app_vect_table
                0x0000000008001190                . = ALIGN (0x4)

.text           0x0000000008001190     0x1804
                0x0000000008001190                . = ALIGN (0x4)
 *(.text* .text)
 .text          0x0000000008001190       0x84 ../Application_Build/main.o
                0x0000000008001190                main
 .text          0x0000000008001214       0x7c ../Application_Build/startup.o
                0x0000000008001214                load_application
 .text          0x0000000008001290        0xc ../Application_Build/irq.o
                0x0000000008001290                system_tick_handler
 .text          0x000000000800129c      0x634 ../Application_Build/uart.o
                0x00000000080012e4                uart_setup
                0x000000000800145c                uart_un_setup
                0x00000000080014b8                uart_transmit
                0x000000000800157c                uart_receive
 .text          0x00000000080018d0      0x2b0 ../Application_Build/flash.o
                0x00000000080018d0                flash_write_halfword
                0x0000000008001922                flash_page_erase
                0x00000000080019bc                flash_unlock_flash
                0x0000000008001a18                flash_lock_flash
                0x0000000008001a44                flash_is_flash_lock
 .text          0x0000000008001b80      0x6f0 ../Application_Build/clk.o
                0x0000000008001b80                clk_rcc_syscfg
                0x0000000008001bb4                clk_rcc_pwr
                0x0000000008001bec                clk_rcc_gpio_port
                0x0000000008001cd8                clk_inc_sys_tick_count
                0x0000000008001cf4                clk_get_sys_tick_count
                0x0000000008001d0c                clk_get_sys_tick_prio
                0x0000000008001d24                clk_get_sys_tick_freq
                0x0000000008001d3c                clk_delay
                0x0000000008001d66                clk_stop_tick
                0x0000000008001d88                clk_start_tick
                0x0000000008001dac                clk_init_sys_tick
                0x0000000008001e38                clk_init
                0x0000000008001e84                clk_get_sysclk
                0x0000000008001e9c                clk_get_pclk1
                0x0000000008001eb4                clk_get_pclk2
                0x0000000008001ecc                clk_get_hclk
                0x0000000008001f68                clk_set_apb2_prescaler
                0x0000000008001fa8                clk_set_apb1_prescaler
                0x0000000008001fe8                clk_set_hclk_prescaler
                0x0000000008002028                clk_uart_clk_config
                0x00000000080021e0                clk_get_uart_clk
                0x0000000008002220                clk_reset_uart_peripheral
 .text          0x0000000008002270      0x22c ../Application_Build/nvic.o
                0x0000000008002270                nvic_set_priority
                0x00000000080022cc                nvic_set_priority_wrapper
                0x00000000080023b8                nvic_set_priority_grouping
                0x0000000008002418                nvic_system_init
                0x0000000008002454                nvic_reset_system
                0x000000000800247c                nvic_set_vtor
 .text          0x000000000800249c      0x448 ../Application_Build/gpio.o
                0x000000000800249c                gpio_enable
                0x00000000080026bc                gpio_set_default
                0x00000000080027f0                gpio_toggle_pin
                0x000000000800282c                gpio_read_pin
                0x0000000008002856                gpio_write_pin
                0x0000000008002896                gpio_lock_pin
 .text          0x00000000080028e4       0xac ../Application_Build/syscfg.o
                0x00000000080028e4                gpio_port_to_config
 *(.rodata* .rodata)
 .rodata        0x0000000008002990        0x4 ../Application_Build/startup.o
                0x0000000008002990                _estack
                0x0000000008002994                . = ALIGN (0x4)
                0x0000000008002994                _app_etext = .

.glue_7         0x0000000008002994        0x0
 .glue_7        0x0000000008002994        0x0 linker stubs

.glue_7t        0x0000000008002994        0x0
 .glue_7t       0x0000000008002994        0x0 linker stubs

.vfp11_veneer   0x0000000008002994        0x0
 .vfp11_veneer  0x0000000008002994        0x0 linker stubs

.v4_bx          0x0000000008002994        0x0
 .v4_bx         0x0000000008002994        0x0 linker stubs

.iplt           0x0000000008002994        0x0
 .iplt          0x0000000008002994        0x0 ../Application_Build/main.o

.rel.dyn        0x0000000008002994        0x0
 .rel.iplt      0x0000000008002994        0x0 ../Application_Build/main.o

.ccmram         0x0000000010000000        0x0 load address 0x0000000008002994
                0x0000000010000000                . = ALIGN (0x4)
                0x0000000010000000                _app_sccmram = .
 *(.ccmram .ccmram*)
                0x0000000010000000                . = ALIGN (0x4)
                0x0000000010000000                _app_eccmram = .

.data           0x0000000020000000       0x1c load address 0x0000000008002994
                0x0000000020000000                . = ALIGN (0x4)
                0x0000000020000000                _app_sdata = .
 *(.data* .data)
 .data          0x0000000020000000        0x0 ../Application_Build/main.o
 .data          0x0000000020000000        0x0 ../Application_Build/startup.o
 .data          0x0000000020000000        0x0 ../Application_Build/irq.o
 .data          0x0000000020000000        0x0 ../Application_Build/uart.o
 .data          0x0000000020000000        0x4 ../Application_Build/flash.o
 .data          0x0000000020000004        0x8 ../Application_Build/clk.o
 .data          0x000000002000000c        0x8 ../Application_Build/nvic.o
 .data          0x0000000020000014        0x8 ../Application_Build/gpio.o
 .data          0x000000002000001c        0x0 ../Application_Build/syscfg.o
                0x000000002000001c                . = ALIGN (0x4)
                0x000000002000001c                _app_edata = .

.igot.plt       0x000000002000001c        0x0 load address 0x00000000080029b0
 .igot.plt      0x000000002000001c        0x0 ../Application_Build/main.o

.bss            0x000000002000001c       0x24 load address 0x00000000080029b0
                0x000000002000001c                . = ALIGN (0x4)
                0x000000002000001c                _app_sbss = .
 *(.bss .bss.*)
 .bss           0x000000002000001c        0x0 ../Application_Build/main.o
 .bss           0x000000002000001c        0x0 ../Application_Build/startup.o
 .bss           0x000000002000001c        0x0 ../Application_Build/irq.o
 .bss           0x000000002000001c        0x5 ../Application_Build/uart.o
 .bss           0x0000000020000021        0x0 ../Application_Build/flash.o
 *fill*         0x0000000020000021        0x3 
 .bss           0x0000000020000024       0x1c ../Application_Build/clk.o
 .bss           0x0000000020000040        0x0 ../Application_Build/nvic.o
 .bss           0x0000000020000040        0x0 ../Application_Build/gpio.o
 .bss           0x0000000020000040        0x0 ../Application_Build/syscfg.o
 *(COMMON)
                0x0000000020000040                . = ALIGN (0x4)
                0x0000000020000040                _app_ebss = .

.stack_heap     0x0000000020000040      0x600 load address 0x00000000080029b0
                0x0000000020000040                . = ALIGN (0x8)
                0x0000000020000240                . = (. + _Min_Heap_Size)
 *fill*         0x0000000020000040      0x200 
                0x0000000020000640                . = (. + _Min_Stack_Size)
 *fill*         0x0000000020000240      0x400 
                0x0000000020000640                . = ALIGN (0x8)
OUTPUT(../Application_Build/application.elf elf32-littlearm)
LOAD linker stubs

.debug_info     0x0000000000000000     0x2f11
 .debug_info    0x0000000000000000      0x38d ../Application_Build/main.o
 .debug_info    0x000000000000038d      0x17e ../Application_Build/startup.o
 .debug_info    0x000000000000050b       0x91 ../Application_Build/irq.o
 .debug_info    0x000000000000059c      0xa33 ../Application_Build/uart.o
 .debug_info    0x0000000000000fcf      0x342 ../Application_Build/flash.o
 .debug_info    0x0000000000001311      0xa54 ../Application_Build/clk.o
 .debug_info    0x0000000000001d65      0x7d5 ../Application_Build/nvic.o
 .debug_info    0x000000000000253a      0x80d ../Application_Build/gpio.o
 .debug_info    0x0000000000002d47      0x1ca ../Application_Build/syscfg.o

.debug_abbrev   0x0000000000000000      0xb6a
 .debug_abbrev  0x0000000000000000       0xee ../Application_Build/main.o
 .debug_abbrev  0x00000000000000ee       0xcf ../Application_Build/startup.o
 .debug_abbrev  0x00000000000001bd       0x44 ../Application_Build/irq.o
 .debug_abbrev  0x0000000000000201      0x1fd ../Application_Build/uart.o
 .debug_abbrev  0x00000000000003fe      0x187 ../Application_Build/flash.o
 .debug_abbrev  0x0000000000000585      0x223 ../Application_Build/clk.o
 .debug_abbrev  0x00000000000007a8      0x1b4 ../Application_Build/nvic.o
 .debug_abbrev  0x000000000000095c      0x140 ../Application_Build/gpio.o
 .debug_abbrev  0x0000000000000a9c       0xce ../Application_Build/syscfg.o

.debug_loc      0x0000000000000000     0x14cc
 .debug_loc     0x0000000000000000       0xa8 ../Application_Build/main.o
 .debug_loc     0x00000000000000a8       0x38 ../Application_Build/startup.o
 .debug_loc     0x00000000000000e0       0x2c ../Application_Build/irq.o
 .debug_loc     0x000000000000010c      0x390 ../Application_Build/uart.o
 .debug_loc     0x000000000000049c      0x29c ../Application_Build/flash.o
 .debug_loc     0x0000000000000738      0x890 ../Application_Build/clk.o
 .debug_loc     0x0000000000000fc8      0x28c ../Application_Build/nvic.o
 .debug_loc     0x0000000000001254      0x21c ../Application_Build/gpio.o
 .debug_loc     0x0000000000001470       0x5c ../Application_Build/syscfg.o

.debug_aranges  0x0000000000000000      0x120
 .debug_aranges
                0x0000000000000000       0x20 ../Application_Build/main.o
 .debug_aranges
                0x0000000000000020       0x20 ../Application_Build/startup.o
 .debug_aranges
                0x0000000000000040       0x20 ../Application_Build/irq.o
 .debug_aranges
                0x0000000000000060       0x20 ../Application_Build/uart.o
 .debug_aranges
                0x0000000000000080       0x20 ../Application_Build/flash.o
 .debug_aranges
                0x00000000000000a0       0x20 ../Application_Build/clk.o
 .debug_aranges
                0x00000000000000c0       0x20 ../Application_Build/nvic.o
 .debug_aranges
                0x00000000000000e0       0x20 ../Application_Build/gpio.o
 .debug_aranges
                0x0000000000000100       0x20 ../Application_Build/syscfg.o

.debug_line     0x0000000000000000     0x154e
 .debug_line    0x0000000000000000       0xae ../Application_Build/main.o
 .debug_line    0x00000000000000ae      0x1bc ../Application_Build/startup.o
 .debug_line    0x000000000000026a       0x4f ../Application_Build/irq.o
 .debug_line    0x00000000000002b9      0x45d ../Application_Build/uart.o
 .debug_line    0x0000000000000716      0x321 ../Application_Build/flash.o
 .debug_line    0x0000000000000a37      0x3f9 ../Application_Build/clk.o
 .debug_line    0x0000000000000e30      0x26c ../Application_Build/nvic.o
 .debug_line    0x000000000000109c      0x2bb ../Application_Build/gpio.o
 .debug_line    0x0000000000001357      0x1f7 ../Application_Build/syscfg.o

.debug_str      0x0000000000000000     0x158d
 .debug_str     0x0000000000000000      0x367 ../Application_Build/main.o
                                        0x3ac (size before relaxing)
 .debug_str     0x0000000000000367       0x94 ../Application_Build/startup.o
                                        0x1f3 (size before relaxing)
 .debug_str     0x00000000000003fb       0x2e ../Application_Build/irq.o
                                        0x184 (size before relaxing)
 .debug_str     0x0000000000000429      0x3d0 ../Application_Build/uart.o
                                        0x746 (size before relaxing)
 .debug_str     0x00000000000007f9      0x139 ../Application_Build/flash.o
                                        0x32c (size before relaxing)
 .debug_str     0x0000000000000932      0x85c ../Application_Build/clk.o
                                        0xaca (size before relaxing)
 .debug_str     0x000000000000118e      0x1ea ../Application_Build/nvic.o
                                        0x815 (size before relaxing)
 .debug_str     0x0000000000001378      0x196 ../Application_Build/gpio.o
                                        0x518 (size before relaxing)
 .debug_str     0x000000000000150e       0x7f ../Application_Build/syscfg.o
                                        0x219 (size before relaxing)

.comment        0x0000000000000000       0x4d
 .comment       0x0000000000000000       0x4d ../Application_Build/main.o
                                         0x4e (size before relaxing)
 .comment       0x000000000000004d       0x4e ../Application_Build/startup.o
 .comment       0x000000000000004d       0x4e ../Application_Build/irq.o
 .comment       0x000000000000004d       0x4e ../Application_Build/uart.o
 .comment       0x000000000000004d       0x4e ../Application_Build/flash.o
 .comment       0x000000000000004d       0x4e ../Application_Build/clk.o
 .comment       0x000000000000004d       0x4e ../Application_Build/nvic.o
 .comment       0x000000000000004d       0x4e ../Application_Build/gpio.o
 .comment       0x000000000000004d       0x4e ../Application_Build/syscfg.o

.ARM.attributes
                0x0000000000000000       0x34
 .ARM.attributes
                0x0000000000000000       0x34 ../Application_Build/main.o
 .ARM.attributes
                0x0000000000000034       0x34 ../Application_Build/startup.o
 .ARM.attributes
                0x0000000000000068       0x34 ../Application_Build/irq.o
 .ARM.attributes
                0x000000000000009c       0x34 ../Application_Build/uart.o
 .ARM.attributes
                0x00000000000000d0       0x34 ../Application_Build/flash.o
 .ARM.attributes
                0x0000000000000104       0x34 ../Application_Build/clk.o
 .ARM.attributes
                0x0000000000000138       0x34 ../Application_Build/nvic.o
 .ARM.attributes
                0x000000000000016c       0x34 ../Application_Build/gpio.o
 .ARM.attributes
                0x00000000000001a0       0x34 ../Application_Build/syscfg.o

.debug_frame    0x0000000000000000      0xa34
 .debug_frame   0x0000000000000000       0x6c ../Application_Build/main.o
 .debug_frame   0x000000000000006c       0x30 ../Application_Build/startup.o
 .debug_frame   0x000000000000009c       0x2c ../Application_Build/irq.o
 .debug_frame   0x00000000000000c8      0x1b8 ../Application_Build/uart.o
 .debug_frame   0x0000000000000280      0x158 ../Application_Build/flash.o
 .debug_frame   0x00000000000003d8      0x3f0 ../Application_Build/clk.o
 .debug_frame   0x00000000000007c8      0x134 ../Application_Build/nvic.o
 .debug_frame   0x00000000000008fc      0x100 ../Application_Build/gpio.o
 .debug_frame   0x00000000000009fc       0x38 ../Application_Build/syscfg.o

Cross Reference Table

Symbol                                            File
_app_ebss                                         ../Application_Build/startup.o
_app_edata                                        ../Application_Build/startup.o
_app_etext                                        ../Application_Build/startup.o
_app_sbss                                         ../Application_Build/startup.o
_app_sdata                                        ../Application_Build/startup.o
_estack                                           ../Application_Build/startup.o
app_vect_table                                    ../Application_Build/startup.o
clk_delay                                         ../Application_Build/clk.o
                                                  ../Application_Build/flash.o
                                                  ../Application_Build/main.o
clk_get_hclk                                      ../Application_Build/clk.o
clk_get_pclk1                                     ../Application_Build/clk.o
clk_get_pclk2                                     ../Application_Build/clk.o
clk_get_sys_tick_count                            ../Application_Build/clk.o
                                                  ../Application_Build/flash.o
                                                  ../Application_Build/uart.o
clk_get_sys_tick_freq                             ../Application_Build/clk.o
clk_get_sys_tick_prio                             ../Application_Build/clk.o
clk_get_sysclk                                    ../Application_Build/clk.o
clk_get_uart_clk                                  ../Application_Build/clk.o
                                                  ../Application_Build/uart.o
clk_inc_sys_tick_count                            ../Application_Build/clk.o
                                                  ../Application_Build/irq.o
clk_init                                          ../Application_Build/clk.o
                                                  ../Application_Build/startup.o
clk_init_sys_tick                                 ../Application_Build/clk.o
                                                  ../Application_Build/main.o
clk_rcc_gpio_port                                 ../Application_Build/clk.o
                                                  ../Application_Build/uart.o
                                                  ../Application_Build/main.o
clk_rcc_pwr                                       ../Application_Build/clk.o
clk_rcc_syscfg                                    ../Application_Build/clk.o
                                                  ../Application_Build/gpio.o
                                                  ../Application_Build/main.o
clk_reset_uart_peripheral                         ../Application_Build/clk.o
                                                  ../Application_Build/uart.o
clk_set_apb1_prescaler                            ../Application_Build/clk.o
clk_set_apb2_prescaler                            ../Application_Build/clk.o
clk_set_hclk_prescaler                            ../Application_Build/clk.o
clk_start_tick                                    ../Application_Build/clk.o
clk_stop_tick                                     ../Application_Build/clk.o
clk_uart_clk_config                               ../Application_Build/clk.o
                                                  ../Application_Build/uart.o
flash_is_flash_lock                               ../Application_Build/flash.o
flash_lock_flash                                  ../Application_Build/flash.o
flash_page_erase                                  ../Application_Build/flash.o
flash_unlock_flash                                ../Application_Build/flash.o
flash_write_halfword                              ../Application_Build/flash.o
gpio_enable                                       ../Application_Build/gpio.o
                                                  ../Application_Build/uart.o
                                                  ../Application_Build/main.o
gpio_lock_pin                                     ../Application_Build/gpio.o
gpio_port_to_config                               ../Application_Build/syscfg.o
                                                  ../Application_Build/gpio.o
gpio_read_pin                                     ../Application_Build/gpio.o
gpio_set_default                                  ../Application_Build/gpio.o
gpio_toggle_pin                                   ../Application_Build/gpio.o
gpio_write_pin                                    ../Application_Build/gpio.o
                                                  ../Application_Build/main.o
load_application                                  ../Application_Build/startup.o
main                                              ../Application_Build/main.o
                                                  ../Application_Build/startup.o
nvic_reset_system                                 ../Application_Build/nvic.o
nvic_set_priority                                 ../Application_Build/nvic.o
                                                  ../Application_Build/clk.o
nvic_set_priority_grouping                        ../Application_Build/nvic.o
                                                  ../Application_Build/main.o
nvic_set_priority_wrapper                         ../Application_Build/nvic.o
                                                  ../Application_Build/clk.o
nvic_set_vtor                                     ../Application_Build/nvic.o
                                                  ../Application_Build/startup.o
nvic_system_init                                  ../Application_Build/nvic.o
                                                  ../Application_Build/startup.o
system_tick_handler                               ../Application_Build/irq.o
                                                  ../Application_Build/startup.o
uart_receive                                      ../Application_Build/uart.o
uart_setup                                        ../Application_Build/uart.o
uart_transmit                                     ../Application_Build/uart.o
uart_un_setup                                     ../Application_Build/uart.o
