
Memory Configuration

Name             Origin             Length             Attributes
flash            0x0000000008000000 0x0000000000080000 xr
sram             0x0000000020000000 0x0000000000010000 xrw
ccm              0x0000000010000000 0x0000000000004000 xrw
*default*        0x0000000000000000 0xffffffffffffffff

Linker script and memory map

LOAD ../Bootloader_Build/main.o
LOAD ../Bootloader_Build/startup.o
LOAD ../Bootloader_Build/irq.o
LOAD ../Bootloader_Build/uart.o
LOAD ../Bootloader_Build/flash.o
LOAD ../Bootloader_Build/clk.o
LOAD ../Bootloader_Build/nvic.o
LOAD ../Bootloader_Build/gpio.o
LOAD ../Bootloader_Build/syscfg.o
                0x0000000000000200                _Min_Heap_Size = 0x200
                0x0000000000000400                _Min_Stack_Size = 0x400

.text           0x0000000008000000     0x1a74
                0x0000000008000000                . = ALIGN (0x4)
 *(.text* .text)
 .text          0x0000000008000000      0x2fc ../Bootloader_Build/main.o
                0x0000000008000000                main
 .text          0x00000000080002fc       0x74 ../Bootloader_Build/startup.o
                0x00000000080002fc                load_bootloader
 .text          0x0000000008000370        0xc ../Bootloader_Build/irq.o
                0x0000000008000370                system_tick_handler
 .text          0x000000000800037c      0x634 ../Bootloader_Build/uart.o
                0x00000000080003c4                uart_setup
                0x000000000800053c                uart_un_setup
                0x0000000008000598                uart_transmit
                0x000000000800065c                uart_receive
 .text          0x00000000080009b0      0x2b0 ../Bootloader_Build/flash.o
                0x00000000080009b0                flash_write_halfword
                0x0000000008000a02                flash_page_erase
                0x0000000008000a9c                flash_unlock_flash
                0x0000000008000af8                flash_lock_flash
                0x0000000008000b24                flash_is_flash_lock
 .text          0x0000000008000c60      0x6f0 ../Bootloader_Build/clk.o
                0x0000000008000c60                clk_rcc_syscfg
                0x0000000008000c94                clk_rcc_pwr
                0x0000000008000ccc                clk_rcc_gpio_port
                0x0000000008000db8                clk_inc_sys_tick_count
                0x0000000008000dd4                clk_get_sys_tick_count
                0x0000000008000dec                clk_get_sys_tick_prio
                0x0000000008000e04                clk_get_sys_tick_freq
                0x0000000008000e1c                clk_delay
                0x0000000008000e46                clk_stop_tick
                0x0000000008000e68                clk_start_tick
                0x0000000008000e8c                clk_init_sys_tick
                0x0000000008000f18                clk_init
                0x0000000008000f64                clk_get_sysclk
                0x0000000008000f7c                clk_get_pclk1
                0x0000000008000f94                clk_get_pclk2
                0x0000000008000fac                clk_get_hclk
                0x0000000008001048                clk_set_apb2_prescaler
                0x0000000008001088                clk_set_apb1_prescaler
                0x00000000080010c8                clk_set_hclk_prescaler
                0x0000000008001108                clk_uart_clk_config
                0x00000000080012c0                clk_get_uart_clk
                0x0000000008001300                clk_reset_uart_peripheral
 .text          0x0000000008001350      0x22c ../Bootloader_Build/nvic.o
                0x0000000008001350                nvic_set_priority
                0x00000000080013ac                nvic_set_priority_wrapper
                0x0000000008001498                nvic_set_priority_grouping
                0x00000000080014f8                nvic_system_init
                0x0000000008001534                nvic_reset_system
                0x000000000800155c                nvic_set_vtor
 .text          0x000000000800157c      0x448 ../Bootloader_Build/gpio.o
                0x000000000800157c                gpio_enable
                0x000000000800179c                gpio_set_default
                0x00000000080018d0                gpio_toggle_pin
                0x000000000800190c                gpio_read_pin
                0x0000000008001936                gpio_write_pin
                0x0000000008001976                gpio_lock_pin
 .text          0x00000000080019c4       0xac ../Bootloader_Build/syscfg.o
                0x00000000080019c4                gpio_port_to_config
 *(.rodata* .rodata)
 .rodata        0x0000000008001a70        0x4 ../Bootloader_Build/startup.o
                0x0000000008001a70                _estack
                0x0000000008001a74                . = ALIGN (0x4)
                0x0000000008001a74                _boot_etext = .

.glue_7         0x0000000008001a74        0x0
 .glue_7        0x0000000008001a74        0x0 linker stubs

.glue_7t        0x0000000008001a74        0x0
 .glue_7t       0x0000000008001a74        0x0 linker stubs

.vfp11_veneer   0x0000000008001a74        0x0
 .vfp11_veneer  0x0000000008001a74        0x0 linker stubs

.v4_bx          0x0000000008001a74        0x0
 .v4_bx         0x0000000008001a74        0x0 linker stubs

.iplt           0x0000000008001a74        0x0
 .iplt          0x0000000008001a74        0x0 ../Bootloader_Build/main.o

.rel.dyn        0x0000000008001a74        0x0
 .rel.iplt      0x0000000008001a74        0x0 ../Bootloader_Build/main.o

.ccmram         0x0000000010000000        0x0 load address 0x0000000008001a74
                0x0000000010000000                . = ALIGN (0x4)
                0x0000000010000000                _boot_sccmram = .
 *(.ccmram .ccmram*)
                0x0000000010000000                . = ALIGN (0x4)
                0x0000000010000000                _boot_eccmram = .

.data           0x0000000020000000       0x1c load address 0x0000000008001a74
                0x0000000020000000                . = ALIGN (0x4)
                0x0000000020000000                _boot_sdata = .
 *(.data* .data)
 .data          0x0000000020000000        0x0 ../Bootloader_Build/main.o
 .data          0x0000000020000000        0x0 ../Bootloader_Build/startup.o
 .data          0x0000000020000000        0x0 ../Bootloader_Build/irq.o
 .data          0x0000000020000000        0x0 ../Bootloader_Build/uart.o
 .data          0x0000000020000000        0x4 ../Bootloader_Build/flash.o
 .data          0x0000000020000004        0x8 ../Bootloader_Build/clk.o
 .data          0x000000002000000c        0x8 ../Bootloader_Build/nvic.o
 .data          0x0000000020000014        0x8 ../Bootloader_Build/gpio.o
 .data          0x000000002000001c        0x0 ../Bootloader_Build/syscfg.o
                0x000000002000001c                . = ALIGN (0x4)
                0x000000002000001c                _boot_edata = .

.igot.plt       0x000000002000001c        0x0 load address 0x0000000008001a90
 .igot.plt      0x000000002000001c        0x0 ../Bootloader_Build/main.o

.isr_vector     0x000000002000001c      0x190 load address 0x0000000008001a90
 .isr_vector    0x000000002000001c      0x190 ../Bootloader_Build/startup.o
                0x000000002000001c                boot_vect_table

.bss            0x00000000200001ac     0x5024 load address 0x0000000008001c20
                0x00000000200001ac                . = ALIGN (0x4)
                0x00000000200001ac                _boot_sbss = .
 *(.bss .bss.*)
 .bss           0x00000000200001ac     0x5000 ../Bootloader_Build/main.o
                0x00000000200001ac                application
 .bss           0x00000000200051ac        0x0 ../Bootloader_Build/startup.o
 .bss           0x00000000200051ac        0x0 ../Bootloader_Build/irq.o
 .bss           0x00000000200051ac        0x5 ../Bootloader_Build/uart.o
 .bss           0x00000000200051b1        0x0 ../Bootloader_Build/flash.o
 *fill*         0x00000000200051b1        0x3 
 .bss           0x00000000200051b4       0x1c ../Bootloader_Build/clk.o
 .bss           0x00000000200051d0        0x0 ../Bootloader_Build/nvic.o
 .bss           0x00000000200051d0        0x0 ../Bootloader_Build/gpio.o
 .bss           0x00000000200051d0        0x0 ../Bootloader_Build/syscfg.o
 *(COMMON)
                0x00000000200051d0                . = ALIGN (0x4)
                0x00000000200051d0                _boot_ebss = .

.stack_heap     0x00000000200051d0      0x600 load address 0x0000000008001c20
                0x00000000200051d0                . = ALIGN (0x8)
                0x00000000200053d0                . = (. + _Min_Heap_Size)
 *fill*         0x00000000200051d0      0x200 
                0x00000000200057d0                . = (. + _Min_Stack_Size)
 *fill*         0x00000000200053d0      0x400 
                0x00000000200057d0                . = ALIGN (0x8)
OUTPUT(../Bootloader_Build/bootloader.elf elf32-littlearm)
LOAD linker stubs

.debug_info     0x0000000000000000     0x32cc
 .debug_info    0x0000000000000000      0x764 ../Bootloader_Build/main.o
 .debug_info    0x0000000000000764      0x170 ../Bootloader_Build/startup.o
 .debug_info    0x00000000000008d4       0x83 ../Bootloader_Build/irq.o
 .debug_info    0x0000000000000957      0xa33 ../Bootloader_Build/uart.o
 .debug_info    0x000000000000138a      0x342 ../Bootloader_Build/flash.o
 .debug_info    0x00000000000016cc      0xa54 ../Bootloader_Build/clk.o
 .debug_info    0x0000000000002120      0x7d5 ../Bootloader_Build/nvic.o
 .debug_info    0x00000000000028f5      0x80d ../Bootloader_Build/gpio.o
 .debug_info    0x0000000000003102      0x1ca ../Bootloader_Build/syscfg.o

.debug_abbrev   0x0000000000000000      0xbe6
 .debug_abbrev  0x0000000000000000      0x16a ../Bootloader_Build/main.o
 .debug_abbrev  0x000000000000016a       0xcf ../Bootloader_Build/startup.o
 .debug_abbrev  0x0000000000000239       0x44 ../Bootloader_Build/irq.o
 .debug_abbrev  0x000000000000027d      0x1fd ../Bootloader_Build/uart.o
 .debug_abbrev  0x000000000000047a      0x187 ../Bootloader_Build/flash.o
 .debug_abbrev  0x0000000000000601      0x223 ../Bootloader_Build/clk.o
 .debug_abbrev  0x0000000000000824      0x1b4 ../Bootloader_Build/nvic.o
 .debug_abbrev  0x00000000000009d8      0x140 ../Bootloader_Build/gpio.o
 .debug_abbrev  0x0000000000000b18       0xce ../Bootloader_Build/syscfg.o

.debug_loc      0x0000000000000000     0x1680
 .debug_loc     0x0000000000000000      0x25c ../Bootloader_Build/main.o
 .debug_loc     0x000000000000025c       0x38 ../Bootloader_Build/startup.o
 .debug_loc     0x0000000000000294       0x2c ../Bootloader_Build/irq.o
 .debug_loc     0x00000000000002c0      0x390 ../Bootloader_Build/uart.o
 .debug_loc     0x0000000000000650      0x29c ../Bootloader_Build/flash.o
 .debug_loc     0x00000000000008ec      0x890 ../Bootloader_Build/clk.o
 .debug_loc     0x000000000000117c      0x28c ../Bootloader_Build/nvic.o
 .debug_loc     0x0000000000001408      0x21c ../Bootloader_Build/gpio.o
 .debug_loc     0x0000000000001624       0x5c ../Bootloader_Build/syscfg.o

.debug_aranges  0x0000000000000000      0x120
 .debug_aranges
                0x0000000000000000       0x20 ../Bootloader_Build/main.o
 .debug_aranges
                0x0000000000000020       0x20 ../Bootloader_Build/startup.o
 .debug_aranges
                0x0000000000000040       0x20 ../Bootloader_Build/irq.o
 .debug_aranges
                0x0000000000000060       0x20 ../Bootloader_Build/uart.o
 .debug_aranges
                0x0000000000000080       0x20 ../Bootloader_Build/flash.o
 .debug_aranges
                0x00000000000000a0       0x20 ../Bootloader_Build/clk.o
 .debug_aranges
                0x00000000000000c0       0x20 ../Bootloader_Build/nvic.o
 .debug_aranges
                0x00000000000000e0       0x20 ../Bootloader_Build/gpio.o
 .debug_aranges
                0x0000000000000100       0x20 ../Bootloader_Build/syscfg.o

.debug_line     0x0000000000000000     0x179f
 .debug_line    0x0000000000000000      0x302 ../Bootloader_Build/main.o
 .debug_line    0x0000000000000302      0x1b9 ../Bootloader_Build/startup.o
 .debug_line    0x00000000000004bb       0x4f ../Bootloader_Build/irq.o
 .debug_line    0x000000000000050a      0x45d ../Bootloader_Build/uart.o
 .debug_line    0x0000000000000967      0x321 ../Bootloader_Build/flash.o
 .debug_line    0x0000000000000c88      0x3f9 ../Bootloader_Build/clk.o
 .debug_line    0x0000000000001081      0x26c ../Bootloader_Build/nvic.o
 .debug_line    0x00000000000012ed      0x2bb ../Bootloader_Build/gpio.o
 .debug_line    0x00000000000015a8      0x1f7 ../Bootloader_Build/syscfg.o

.debug_str      0x0000000000000000     0x1650
 .debug_str     0x0000000000000000      0x616 ../Bootloader_Build/main.o
                                        0x6ad (size before relaxing)
 .debug_str     0x0000000000000616       0x85 ../Bootloader_Build/startup.o
                                        0x1e6 (size before relaxing)
 .debug_str     0x000000000000069b       0x2e ../Bootloader_Build/irq.o
                                        0x172 (size before relaxing)
 .debug_str     0x00000000000006c9      0x1f3 ../Bootloader_Build/uart.o
                                        0x745 (size before relaxing)
 .debug_str     0x00000000000008bc      0x139 ../Bootloader_Build/flash.o
                                        0x32b (size before relaxing)
 .debug_str     0x00000000000009f5      0x85c ../Bootloader_Build/clk.o
                                        0xac9 (size before relaxing)
 .debug_str     0x0000000000001251      0x1ea ../Bootloader_Build/nvic.o
                                        0x814 (size before relaxing)
 .debug_str     0x000000000000143b      0x196 ../Bootloader_Build/gpio.o
                                        0x517 (size before relaxing)
 .debug_str     0x00000000000015d1       0x7f ../Bootloader_Build/syscfg.o
                                        0x218 (size before relaxing)

.comment        0x0000000000000000       0x4d
 .comment       0x0000000000000000       0x4d ../Bootloader_Build/main.o
                                         0x4e (size before relaxing)
 .comment       0x000000000000004d       0x4e ../Bootloader_Build/startup.o
 .comment       0x000000000000004d       0x4e ../Bootloader_Build/irq.o
 .comment       0x000000000000004d       0x4e ../Bootloader_Build/uart.o
 .comment       0x000000000000004d       0x4e ../Bootloader_Build/flash.o
 .comment       0x000000000000004d       0x4e ../Bootloader_Build/clk.o
 .comment       0x000000000000004d       0x4e ../Bootloader_Build/nvic.o
 .comment       0x000000000000004d       0x4e ../Bootloader_Build/gpio.o
 .comment       0x000000000000004d       0x4e ../Bootloader_Build/syscfg.o

.ARM.attributes
                0x0000000000000000       0x34
 .ARM.attributes
                0x0000000000000000       0x34 ../Bootloader_Build/main.o
 .ARM.attributes
                0x0000000000000034       0x34 ../Bootloader_Build/startup.o
 .ARM.attributes
                0x0000000000000068       0x34 ../Bootloader_Build/irq.o
 .ARM.attributes
                0x000000000000009c       0x34 ../Bootloader_Build/uart.o
 .ARM.attributes
                0x00000000000000d0       0x34 ../Bootloader_Build/flash.o
 .ARM.attributes
                0x0000000000000104       0x34 ../Bootloader_Build/clk.o
 .ARM.attributes
                0x0000000000000138       0x34 ../Bootloader_Build/nvic.o
 .ARM.attributes
                0x000000000000016c       0x34 ../Bootloader_Build/gpio.o
 .ARM.attributes
                0x00000000000001a0       0x34 ../Bootloader_Build/syscfg.o

.debug_frame    0x0000000000000000      0xaf0
 .debug_frame   0x0000000000000000      0x128 ../Bootloader_Build/main.o
 .debug_frame   0x0000000000000128       0x30 ../Bootloader_Build/startup.o
 .debug_frame   0x0000000000000158       0x2c ../Bootloader_Build/irq.o
 .debug_frame   0x0000000000000184      0x1b8 ../Bootloader_Build/uart.o
 .debug_frame   0x000000000000033c      0x158 ../Bootloader_Build/flash.o
 .debug_frame   0x0000000000000494      0x3f0 ../Bootloader_Build/clk.o
 .debug_frame   0x0000000000000884      0x134 ../Bootloader_Build/nvic.o
 .debug_frame   0x00000000000009b8      0x100 ../Bootloader_Build/gpio.o
 .debug_frame   0x0000000000000ab8       0x38 ../Bootloader_Build/syscfg.o

Cross Reference Table

Symbol                                            File
_boot_ebss                                        ../Bootloader_Build/startup.o
_boot_edata                                       ../Bootloader_Build/startup.o
_boot_etext                                       ../Bootloader_Build/startup.o
_boot_sbss                                        ../Bootloader_Build/startup.o
_boot_sdata                                       ../Bootloader_Build/startup.o
_estack                                           ../Bootloader_Build/startup.o
application                                       ../Bootloader_Build/main.o
boot_vect_table                                   ../Bootloader_Build/startup.o
clk_delay                                         ../Bootloader_Build/clk.o
                                                  ../Bootloader_Build/flash.o
clk_get_hclk                                      ../Bootloader_Build/clk.o
clk_get_pclk1                                     ../Bootloader_Build/clk.o
clk_get_pclk2                                     ../Bootloader_Build/clk.o
clk_get_sys_tick_count                            ../Bootloader_Build/clk.o
                                                  ../Bootloader_Build/flash.o
                                                  ../Bootloader_Build/uart.o
                                                  ../Bootloader_Build/main.o
clk_get_sys_tick_freq                             ../Bootloader_Build/clk.o
clk_get_sys_tick_prio                             ../Bootloader_Build/clk.o
clk_get_sysclk                                    ../Bootloader_Build/clk.o
clk_get_uart_clk                                  ../Bootloader_Build/clk.o
                                                  ../Bootloader_Build/uart.o
clk_inc_sys_tick_count                            ../Bootloader_Build/clk.o
                                                  ../Bootloader_Build/irq.o
clk_init                                          ../Bootloader_Build/clk.o
                                                  ../Bootloader_Build/startup.o
clk_init_sys_tick                                 ../Bootloader_Build/clk.o
                                                  ../Bootloader_Build/main.o
clk_rcc_gpio_port                                 ../Bootloader_Build/clk.o
                                                  ../Bootloader_Build/uart.o
                                                  ../Bootloader_Build/main.o
clk_rcc_pwr                                       ../Bootloader_Build/clk.o
clk_rcc_syscfg                                    ../Bootloader_Build/clk.o
                                                  ../Bootloader_Build/gpio.o
                                                  ../Bootloader_Build/main.o
clk_reset_uart_peripheral                         ../Bootloader_Build/clk.o
                                                  ../Bootloader_Build/uart.o
clk_set_apb1_prescaler                            ../Bootloader_Build/clk.o
clk_set_apb2_prescaler                            ../Bootloader_Build/clk.o
clk_set_hclk_prescaler                            ../Bootloader_Build/clk.o
clk_start_tick                                    ../Bootloader_Build/clk.o
clk_stop_tick                                     ../Bootloader_Build/clk.o
clk_uart_clk_config                               ../Bootloader_Build/clk.o
                                                  ../Bootloader_Build/uart.o
flash_is_flash_lock                               ../Bootloader_Build/flash.o
flash_lock_flash                                  ../Bootloader_Build/flash.o
                                                  ../Bootloader_Build/main.o
flash_page_erase                                  ../Bootloader_Build/flash.o
                                                  ../Bootloader_Build/main.o
flash_unlock_flash                                ../Bootloader_Build/flash.o
                                                  ../Bootloader_Build/main.o
flash_write_halfword                              ../Bootloader_Build/flash.o
                                                  ../Bootloader_Build/main.o
gpio_enable                                       ../Bootloader_Build/gpio.o
                                                  ../Bootloader_Build/uart.o
                                                  ../Bootloader_Build/main.o
gpio_lock_pin                                     ../Bootloader_Build/gpio.o
gpio_port_to_config                               ../Bootloader_Build/syscfg.o
                                                  ../Bootloader_Build/gpio.o
gpio_read_pin                                     ../Bootloader_Build/gpio.o
                                                  ../Bootloader_Build/main.o
gpio_set_default                                  ../Bootloader_Build/gpio.o
gpio_toggle_pin                                   ../Bootloader_Build/gpio.o
                                                  ../Bootloader_Build/main.o
gpio_write_pin                                    ../Bootloader_Build/gpio.o
                                                  ../Bootloader_Build/main.o
load_bootloader                                   ../Bootloader_Build/startup.o
main                                              ../Bootloader_Build/main.o
                                                  ../Bootloader_Build/startup.o
nvic_reset_system                                 ../Bootloader_Build/nvic.o
                                                  ../Bootloader_Build/main.o
nvic_set_priority                                 ../Bootloader_Build/nvic.o
                                                  ../Bootloader_Build/clk.o
nvic_set_priority_grouping                        ../Bootloader_Build/nvic.o
                                                  ../Bootloader_Build/main.o
nvic_set_priority_wrapper                         ../Bootloader_Build/nvic.o
                                                  ../Bootloader_Build/clk.o
nvic_set_vtor                                     ../Bootloader_Build/nvic.o
                                                  ../Bootloader_Build/startup.o
nvic_system_init                                  ../Bootloader_Build/nvic.o
                                                  ../Bootloader_Build/startup.o
system_tick_handler                               ../Bootloader_Build/irq.o
                                                  ../Bootloader_Build/startup.o
uart_receive                                      ../Bootloader_Build/uart.o
                                                  ../Bootloader_Build/main.o
uart_setup                                        ../Bootloader_Build/uart.o
                                                  ../Bootloader_Build/main.o
uart_transmit                                     ../Bootloader_Build/uart.o
                                                  ../Bootloader_Build/main.o
uart_un_setup                                     ../Bootloader_Build/uart.o
